// Jest Snapshot v1, https://goo.gl/fbAQLP

exports[`Indesition Component debe de hacer match con el SnapShot 1`] = `
<!--v-if-->
<div class="bg-dark"></div>
<div class="indesition-container"><input type="text" placeholder="Hazme una pregunta">
  <p>Recuerda terminar con un signo de interrogacion (?)</p>
  <!--v-if-->
</div>
`;
